2024/01/23 18:41:46 FATAL {72241de97b} stop me
2024/01/23 18:41:46 FATAL {50df4c5a82} stop me
2024/01/23 18:41:46 FATAL {9b1a98e0b3} stop me
